******************************************************************************
                  TI ARM Linker PC v20.2.1                     
******************************************************************************
>> Linked Thu Apr 29 01:01:34 2021

OUTPUT FILE NAME:   <blinkled_msp432p401r_MSP_EXP432P401R_nortos_ccs.out>
ENTRY POINT SYMBOL: "_c_int00_noargs"  address: 00000449


MEMORY CONFIGURATION

         name            origin    length      used     unused   attr    fill
----------------------  --------  ---------  --------  --------  ----  --------
  MAIN                  00000000   00040000  00000548  0003fab8  R  X
  INFO                  00200000   00004000  00000000  00004000  R  X
  SRAM_CODE             01000000   00010000  0000021c  0000fde4  RW X
  SRAM_DATA             20000000   00010000  0000021c  0000fde4  RW  


SEGMENT ALLOCATION MAP

run origin  load origin   length   init length attrs members
----------  ----------- ---------- ----------- ----- -------
00000000    00000000    0000054c   0000054c    r-x
  00000000    00000000    000000e4   000000e4    r-- .intvecs
  000000e4    000000e4    00000408   00000408    r-x .text
  000004ec    000004ec    00000030   00000030    r-- .const
  00000520    00000520    0000002c   0000002c    r-- .cinit
20000000    20000000    0000001c   00000000    rw-
  20000000    20000000    0000001c   00000000    rw- .data
2000fe00    2000fe00    00000200   00000000    rw-
  2000fe00    2000fe00    00000200   00000000    rw- .stack


SECTION ALLOCATION MAP

 output                                  attributes/
section   page    origin      length       input sections
--------  ----  ----------  ----------   ----------------
.intvecs   0    00000000    000000e4     
                  00000000    000000e4     startup_msp432p401r_ccs.obj (.intvecs:retain)

.text      0    000000e4    00000408     
                  000000e4    00000164     main.obj (.text:main)
                  00000248    0000009c     rtsv7M4_T_le_v4SPD16_eabi.lib : memcpy_t2.asm.obj (.text)
                  000002e4    00000078     system_msp432p401r.obj (.text:SystemInit)
                  0000035c    00000068     rtsv7M4_T_le_v4SPD16_eabi.lib : copy_decompress_lzss.c.obj (.text:decompress:lzss:__TI_decompress_lzss)
                  000003c4    00000044                                   : autoinit.c.obj (.text:__TI_auto_init_nobinit_nopinit:__TI_auto_init_nobinit_nopinit)
                  00000408    00000040     msp432p4xx_driverlib.lib : gpio.o (.text:GPIO_setAsOutputPin)
                  00000448    00000034     rtsv7M4_T_le_v4SPD16_eabi.lib : boot_cortex_m.c.obj (.text:_c_int00_noargs:_c_int00_noargs)
                  0000047c    00000028     msp432p4xx_driverlib.lib : gpio.o (.text:GPIO_toggleOutputOnPin)
                  000004a4    00000024     main.obj (.text:Gpio_Pin_in)
                  000004c8    0000000e     rtsv7M4_T_le_v4SPD16_eabi.lib : copy_decompress_none.c.obj (.text:decompress:none:__TI_decompress_none)
                  000004d6    0000000c     startup_msp432p401r_ccs.obj (.text:Reset_Handler)
                  000004e2    00000004     rtsv7M4_T_le_v4SPD16_eabi.lib : pre_init.c.obj (.text:_system_pre_init)
                  000004e6    00000004                                   : exit.c.obj (.text:abort:abort)
                  000004ea    00000002     startup_msp432p401r_ccs.obj (.text:Default_Handler)

.const     0    000004ec    00000030     
                  000004ec    00000030     msp432p4xx_driverlib.lib : gpio.o (.const:GPIO_PORT_TO_BASE)

.cinit     0    00000520    0000002c     
                  00000520    0000001c     (.cinit..data.load) [load image, compression = lzss]
                  0000053c    00000008     (__TI_handler_table)
                  00000544    00000008     (__TI_cinit_table)

.init_array 
*          0    00000000    00000000     UNINITIALIZED

.binit     0    00000000    00000000     

.data      0    20000000    0000001c     UNINITIALIZED
                  20000000    0000001c     main.obj (.data)

.stack     0    2000fe00    00000200     UNINITIALIZED
                  2000fe00    00000004     rtsv7M4_T_le_v4SPD16_eabi.lib : boot_cortex_m.c.obj (.stack)
                  2000fe04    000001fc     --HOLE--

__llvm_prf_cnts 
*          0    20000000    00000000     UNINITIALIZED

MODULE SUMMARY

       Module                        code   ro data   rw data
       ------                        ----   -------   -------
    .\
       main.obj                      392    0         56     
       system_msp432p401r.obj        120    0         0      
    +--+-----------------------------+------+---------+---------+
       Total:                        512    0         56     
                                                             
    .\ccs\
       startup_msp432p401r_ccs.obj   14     228       0      
    +--+-----------------------------+------+---------+---------+
       Total:                        14     228       0      
                                                             
    C:/ti/simplelink_msp432p4_sdk_3_40_01_02/source/ti/devices/msp432p4xx/driverlib/ccs/msp432p4xx_driverlib.lib
       gpio.o                        104    48        0      
    +--+-----------------------------+------+---------+---------+
       Total:                        104    48        0      
                                                             
    C:\ti_v10_1\ccs\tools\compiler\ti-cgt-arm_20.2.1.LTS\lib\rtsv7M4_T_le_v4SPD16_eabi.lib
       memcpy_t2.asm.obj             156    0         0      
       copy_decompress_lzss.c.obj    104    0         0      
       autoinit.c.obj                68     0         0      
       boot_cortex_m.c.obj           52     0         0      
       copy_decompress_none.c.obj    14     0         0      
       exit.c.obj                    4      0         0      
       pre_init.c.obj                4      0         0      
    +--+-----------------------------+------+---------+---------+
       Total:                        402    0         0      
                                                             
       Stack:                        0      0         1024   
       Linker Generated:             0      44        0      
    +--+-----------------------------+------+---------+---------+
       Grand Total:                  1032   320       1080   


LINKER GENERATED COPY TABLES

__TI_cinit_table @ 00000544 records: 1, size/record: 8, table size: 8
	.data: load addr=00000520, load size=0000001c bytes, run addr=20000000, run size=0000001c bytes, compression=lzss


LINKER GENERATED HANDLER TABLE

__TI_handler_table @ 0000053c records: 2, size/record: 4, table size: 8
	index: 0, handler: __TI_decompress_lzss
	index: 1, handler: __TI_decompress_none


GLOBAL SYMBOLS: SORTED ALPHABETICALLY BY Name 

address   name                          
-------   ----                          
000004eb  ADC14_IRQHandler              
000004eb  AES256_IRQHandler             
000004eb  BusFault_Handler              
000004e7  C$$EXIT                       
000004eb  COMP_E0_IRQHandler            
000004eb  COMP_E1_IRQHandler            
000004eb  CS_IRQHandler                 
000004eb  DMA_ERR_IRQHandler            
000004eb  DMA_INT0_IRQHandler           
000004eb  DMA_INT1_IRQHandler           
000004eb  DMA_INT2_IRQHandler           
000004eb  DMA_INT3_IRQHandler           
000004eb  DebugMon_Handler              
000004eb  Default_Handler               
000004eb  EUSCIA0_IRQHandler            
000004eb  EUSCIA1_IRQHandler            
000004eb  EUSCIA2_IRQHandler            
000004eb  EUSCIA3_IRQHandler            
000004eb  EUSCIB0_IRQHandler            
000004eb  EUSCIB1_IRQHandler            
000004eb  EUSCIB2_IRQHandler            
000004eb  EUSCIB3_IRQHandler            
000004eb  FLCTL_IRQHandler              
000004eb  FPU_IRQHandler                
00000409  GPIO_setAsOutputPin           
0000047d  GPIO_toggleOutputOnPin        
000004a5  Gpio_Pin_in                   
000004eb  HardFault_Handler             
000004eb  MemManage_Handler             
000004eb  NMI_Handler                   
000004eb  PCM_IRQHandler                
000004eb  PORT1_IRQHandler              
000004eb  PORT2_IRQHandler              
000004eb  PORT3_IRQHandler              
000004eb  PORT4_IRQHandler              
000004eb  PORT5_IRQHandler              
000004eb  PORT6_IRQHandler              
000004eb  PSS_IRQHandler                
000004eb  PendSV_Handler                
000004eb  RTC_C_IRQHandler              
000004d7  Reset_Handler                 
000004eb  SVC_Handler                   
000004eb  SysTick_Handler               
000002e5  SystemInit                    
000004eb  T32_INT1_IRQHandler           
000004eb  T32_INT2_IRQHandler           
000004eb  T32_INTC_IRQHandler           
000004eb  TA0_0_IRQHandler              
000004eb  TA0_N_IRQHandler              
000004eb  TA1_0_IRQHandler              
000004eb  TA1_N_IRQHandler              
000004eb  TA2_0_IRQHandler              
000004eb  TA2_N_IRQHandler              
000004eb  TA3_0_IRQHandler              
000004eb  TA3_N_IRQHandler              
000004eb  UsageFault_Handler            
4000480c  WDTCTL_SYM                    
000004eb  WDT_A_IRQHandler              
20010000  __STACK_END                   
00000200  __STACK_SIZE                  
00000544  __TI_CINIT_Base               
0000054c  __TI_CINIT_Limit              
0000053c  __TI_Handler_Table_Base       
00000544  __TI_Handler_Table_Limit      
000003c5  __TI_auto_init_nobinit_nopinit
0000035d  __TI_decompress_lzss          
000004c9  __TI_decompress_none          
ffffffff  __TI_pprof_out_hndl           
ffffffff  __TI_prof_data_size           
ffffffff  __TI_prof_data_start          
00000000  __TI_static_base__            
00000249  __aeabi_memcpy                
00000249  __aeabi_memcpy4               
00000249  __aeabi_memcpy8               
ffffffff  __binit__                     
ffffffff  __c_args__                    
UNDEFED   __mpu_init                    
2000fe00  __stack                       
20000000  __start___llvm_prf_cnts       
20000000  __stop___llvm_prf_cnts        
00000449  _c_int00_noargs               
UNDEFED   _system_post_cinit            
000004e3  _system_pre_init              
000004e7  abort                         
ffffffff  binit                         
00000000  interruptVectors              
000000e5  main                          
00000249  memcpy                        
20000008  p1_dir                        
20000000  p1_in                         
20000004  p1_out                        
2000000c  p1_ren                        
20000018  p2_dir                        
20000010  p2_in                         
20000014  p2_out                        


GLOBAL SYMBOLS: SORTED BY Symbol Address 

address   name                          
-------   ----                          
00000000  __TI_static_base__            
00000000  interruptVectors              
000000e5  main                          
00000200  __STACK_SIZE                  
00000249  __aeabi_memcpy                
00000249  __aeabi_memcpy4               
00000249  __aeabi_memcpy8               
00000249  memcpy                        
000002e5  SystemInit                    
0000035d  __TI_decompress_lzss          
000003c5  __TI_auto_init_nobinit_nopinit
00000409  GPIO_setAsOutputPin           
00000449  _c_int00_noargs               
0000047d  GPIO_toggleOutputOnPin        
000004a5  Gpio_Pin_in                   
000004c9  __TI_decompress_none          
000004d7  Reset_Handler                 
000004e3  _system_pre_init              
000004e7  C$$EXIT                       
000004e7  abort                         
000004eb  ADC14_IRQHandler              
000004eb  AES256_IRQHandler             
000004eb  BusFault_Handler              
000004eb  COMP_E0_IRQHandler            
000004eb  COMP_E1_IRQHandler            
000004eb  CS_IRQHandler                 
000004eb  DMA_ERR_IRQHandler            
000004eb  DMA_INT0_IRQHandler           
000004eb  DMA_INT1_IRQHandler           
000004eb  DMA_INT2_IRQHandler           
000004eb  DMA_INT3_IRQHandler           
000004eb  DebugMon_Handler              
000004eb  Default_Handler               
000004eb  EUSCIA0_IRQHandler            
000004eb  EUSCIA1_IRQHandler            
000004eb  EUSCIA2_IRQHandler            
000004eb  EUSCIA3_IRQHandler            
000004eb  EUSCIB0_IRQHandler            
000004eb  EUSCIB1_IRQHandler            
000004eb  EUSCIB2_IRQHandler            
000004eb  EUSCIB3_IRQHandler            
000004eb  FLCTL_IRQHandler              
000004eb  FPU_IRQHandler                
000004eb  HardFault_Handler             
000004eb  MemManage_Handler             
000004eb  NMI_Handler                   
000004eb  PCM_IRQHandler                
000004eb  PORT1_IRQHandler              
000004eb  PORT2_IRQHandler              
000004eb  PORT3_IRQHandler              
000004eb  PORT4_IRQHandler              
000004eb  PORT5_IRQHandler              
000004eb  PORT6_IRQHandler              
000004eb  PSS_IRQHandler                
000004eb  PendSV_Handler                
000004eb  RTC_C_IRQHandler              
000004eb  SVC_Handler                   
000004eb  SysTick_Handler               
000004eb  T32_INT1_IRQHandler           
000004eb  T32_INT2_IRQHandler           
000004eb  T32_INTC_IRQHandler           
000004eb  TA0_0_IRQHandler              
000004eb  TA0_N_IRQHandler              
000004eb  TA1_0_IRQHandler              
000004eb  TA1_N_IRQHandler              
000004eb  TA2_0_IRQHandler              
000004eb  TA2_N_IRQHandler              
000004eb  TA3_0_IRQHandler              
000004eb  TA3_N_IRQHandler              
000004eb  UsageFault_Handler            
000004eb  WDT_A_IRQHandler              
0000053c  __TI_Handler_Table_Base       
00000544  __TI_CINIT_Base               
00000544  __TI_Handler_Table_Limit      
0000054c  __TI_CINIT_Limit              
20000000  __start___llvm_prf_cnts       
20000000  __stop___llvm_prf_cnts        
20000000  p1_in                         
20000004  p1_out                        
20000008  p1_dir                        
2000000c  p1_ren                        
20000010  p2_in                         
20000014  p2_out                        
20000018  p2_dir                        
2000fe00  __stack                       
20010000  __STACK_END                   
4000480c  WDTCTL_SYM                    
ffffffff  __TI_pprof_out_hndl           
ffffffff  __TI_prof_data_size           
ffffffff  __TI_prof_data_start          
ffffffff  __binit__                     
ffffffff  __c_args__                    
ffffffff  binit                         
UNDEFED   __mpu_init                    
UNDEFED   _system_post_cinit            

[95 symbols]
